I am a 'quote'
I am a "double quote"
There are two new lines after me:


There are two backslashs after me:\\
