Function name: func__line__func
Line number: 8
Line number plus input is odd!
