Function Name: anotherFunction
true

Function Name: main
true
false
false
true
